69
------------------------------
420
------------------------------
420
------------------------------
5
4
