: returncode 0
: stdout 101
8
------------------------------
4
------------------------------
3
------------------------------
0

: stderr 0

