: returncode 0
: stdout 16
Hello, // World

: stderr 0

