: returncode 0
: stdout 183
0
1
------------------------------
1
0
------------------------------
0
1
------------------------------
1
0
1
------------------------------
0
1
1
------------------------------
0
1

: stderr 0

