: returncode 0
: stdout 59
420
69
------------------------------
10
9
8
7
6
5
4
3
2
1

: stderr 0

