:i returncode 0
:b stdin 0

:b stdout 73
The above macro is recursive, but it is OK because it is never expanded.

:b stderr 0

