:i returncode 1
:b stdin 0

:b stdout 0

:b stderr 71
tests/error-char-unclosed.porth:1:1: ERROR: unclosed character literal

