:i returncode 1
:b stdin 0

:b stdout 0

:b stderr 100
tests/error-macro-non-ident.porth:1:7: ERROR: expected macro name to be a word but found an integer

