:i returncode 1
:b stdin 0

:b stdout 0

:b stderr 79
./error-include-self.porth:1:1: ERROR: include exceeded expansion limit (1000)

