:i returncode 1
:i argc 0
:b stdin 0

:b stdout 0

:b stderr 93
tests/error-directly-recursive-macro.porth:2:3: ERROR: macro exceeded expansion limit (1000)

