: returncode 1
: stdout 0

: stderr 76
tests/error-end-too-soon.porth:1:7: ERROR: `end` can only close `if`-blocks

