:i returncode 1
:b stdin 0

:b stdout 0

:b stderr 104
tests/error-unterminated-macro.porth:1:1: ERROR: expected 'end' at end of macro definition, got 'macro'

