: returncode 1
: stdout 0

: stderr 87
tests/error-char-too-long.porth:1:1: ERROR: invalid character literal 'lmao': too long

