:i returncode 1
:i argc 0
:b stdin 0

:b stdout 0

:b stderr 84
tests/error-no-such-include.porth:1:9: ERROR: file 'aids.porth' could not be opened

