: returncode 1
: stdout 0

: stderr 87
tests/error-no-macro-name.porth:1:1: ERROR: expected macro name but found end of input

