:i returncode 1
:i argc 0
:b stdin 0

:b stdout 0

:b stderr 67
tests/error-undefined-name.porth:1:1: ERROR: unknown word 'abcdef'

