:i returncode 1
:i argc 0
:b stdin 0

:b stdout 0

:b stderr 85
tests/error-redefining-macro.porth:2:7: ERROR: redefinition of existing macro 'test'

