: returncode 1
: stdout 0

: stderr 91
tests/error-no-include-path.porth:1:1: ERROR: expected include path but found end of input

