:i returncode 1
:i argc 0
:b stdin 0

:b stdout 0

:b stderr 88
tests/error-else-not-inside-if.porth:3:1: ERROR: `else` can only be used in `if`-blocks

