:i returncode 1
:i argc 0
:b stdin 0

:b stdout 0

:b stderr 52
tests/error-no-end.porth:1:1: ERROR: unclosed block

