: returncode 0
: stdout 86
YES
NO
------------------------------
0
2
8
34
144
610
2584
10946
46368
196418
832040

: stderr 0

