: returncode 0
: stdout 33
abc
4
bcd
4
18446744073709551615

: stderr 0

