30
20
10
10
20
30
111111111
420
420
420
69
69
69
111111111
420
69
420
69
111111111
69
420
111111111
69
111111111
69
