:i returncode 0
:i argc 0
:b stdin 0

:b stdout 13
Hello, World

:b stderr 0

