: returncode 0
: stdout 10
232792560

: stderr 0

